  1 2 3 4 5 
1 o o @ o o 
2 . . . . . 
3 . . + . . 
4 . . . . . 
5 / / X / / 

51-21 51-24 52-22 52-25 52-41 53-23 53-31 53-35 54-21 54-24 54-45 55-22 55-25 

52-22
Current move is greater
Current move is equal
Current move is less
Current move is less
  1 2 3 4 5 
1 o o @ o o 
2 . / . . . 
3 . . + . . 
4 . . . . . 
5 / . X / / 

Not a permitted move
11-41 12-21 12-45 13-35 13-43 14-25 14-41 14-44 15-42 15-45 
  1 2 3 4 5 
1 o o . o o 
2 . / . . . 
3 . . + . . 
4 . . @ . . 
5 / . X / / 

-1
  1 2 3 4 5 
1 o o . o o 
2 . / . . . 
3 . . + . . 
4 . . @ . . 
5 / . X / / 

-1
52-22                                   13-43
  1 2 3 4 5 
1 o o . o o 
2 . / . . / 
3 . . + . . 
4 . . @ . . 
5 / . X / . 

  1 2 3 4 5 
1 o o @ o o 
2 . . . . . 
3 . . + . . 
4 . . . . . 
5 / / X / / 

  1 2 3 4 5 
1 . o . o o 
2 . / . . / 
3 . . + . . 
4 o . @ . . 
5 / . X / . 

1
  1 2 3 4 5 
1 o o . X . 
2 . . . / . 
3 . . + o . 
4 . . . . / 
5 . / / @ o 

  1 2 3 4 5 
1 / . . / o 
2 X . / . . 
3 o . + . . 
4 . . . . / 
5 . o . @ o 

  1 2 3 4 5 
1 . . / . . 
2 . . . . o 
3 . . + / . 
4 o X . . / 
5 o . / o @ 

