 1 2 3 4 5 6 7 8 9 T E
1 . . . . . . . . . . . 
 2 . . . . . . . . . . . 
  3 . . . . . . . . . . . 
   4 . . . . . . . . . . . 
    5 . . . . . . . . . . . 
     6 . . . . . . . . . . . 
      7 . . . . . . . . . . . 
       8 . . . . . . . . . . . 
        9 . . . . . . . . . . . 
         T . . . . . . . . . . . 
          E . . . . . . . . . . . 

1
-1
1
0
-1
0
-2
-2
-4
-4
-6
-1
-4
-3
 1 2 3 4 5 6 7 8 9 T E
1 . . . . . . . . . . . 
 2 . . . . . . . . . . . 
  3 . . . . r . . . b . b 
   4 . . . . . . b . . . . 
    5 . . . r b . . b . b . 
     6 . . . r r . . . . . . 
      7 . . . . . . . . . . . 
       8 . . . r . . . . . . . 
        9 . . . . . . . . . . . 
         T . . r . . . . . . . . 
          E . . . . . . . . . . . 

-3
-5
-5
-6
-1
-6
-2
-6
-3
-6
-6
-1000000
 1 2 3 4 5 6 7 8 9 T E
1 . . . . . R . . . . . 
 2 . . . . R . . . . . . 
  3 . . . . R . . . b . b 
   4 . . . R b . b . . . . 
    5 . . . R b . . b . b . 
     6 . . . R R . b . . . . 
      7 . . . R b . . . . . . 
       8 . . . R . . . . . . . 
        9 . . R b . . . . . . . 
         T . . R . . . . . . . . 
          E . R b . . . . . . . . 


6,5                                     swap
5,10                                    5,4
3,11                                    3,5
5,8                                     8,4
4,7                                     10,3
5,5                                     6,4
3,9                                     1,6
11,3                                    11,2
7,5                                     7,4
4,5                                     4,4
9,4                                     9,3
6,7                                     2,5
 1 2 3 4 5 6 7 8 9 T E
1 b b r b b r r b r b r 
 2 r r b b r . b b . . . 
  3 . r r . r . r . b r r 
   4 . r b b . . b b r r b 
    5 r r b b . r r b r b . 
     6 b . b r b r . r r b . 
      7 b r r r . b . b r r . 
       8 r . r b r r b b b b b 
        9 . r r . b b r b . b r 
         T b . r . b r r b b . r 
          E b b r b r b r b . . . 

1
2,6   2,9   2,10  2,11  3,1   3,4   3,6   3,8   4,1   4,5   4,6   5,5   5,11  
6,2   6,7   6,11  7,5   7,7   7,11  8,2   9,1   9,4   9,9   10,2  10,4  10,10 
11,9  11,10 11,11 
 1 2 3 4 5 6 7 8 9 T E
1 b b r b b r r b r b r 
 2 r r b . r . . b . . . 
  3 . r . . r . r . b r r 
   4 . r b b . . b b r . b 
    5 . r . b . . r b r b . 
     6 b . b . . r . r r b . 
      7 b r r r . b . b r r . 
       8 r . r b r r b b b b b 
        9 . r r . b b r . . b r 
         T b . r . b r r b b . r 
          E b b r b r b r b . . . 

 1 2 3 4 5 6 7 8 9 T E
1 b b r b b r r b r b r 
 2 r r b b r . b b . . . 
  3 . r r . r . r . b r r 
   4 . r b b . . b b r r b 
    5 r r b b . r r b r b . 
     6 b . b r b r . r r b . 
      7 b r r r . b . b r r . 
       8 r . r b r r b b b b b 
        9 . r r . b b r b . b r 
         T b . r . b r r b b . r 
          E b b r b r b r b . . . 

